TimeQuest Timing Analyzer report for StringRecognizer
Fri Mar 11 00:03:58 2016
Quartus II 64-Bit Version 14.1.0 Build 186 12/03/2014 SJ Web Edition


---------------------
; Table of Contents ;
---------------------
  1. Legal Notice
  2. TimeQuest Timing Analyzer Summary
  3. Parallel Compilation
  4. Clocks
  5. Fmax Summary
  6. Setup Summary
  7. Hold Summary
  8. Recovery Summary
  9. Removal Summary
 10. Minimum Pulse Width Summary
 11. Setup: 'clk'
 12. Hold: 'clk'
 13. Minimum Pulse Width: 'clk'
 14. Setup Times
 15. Hold Times
 16. Clock to Output Times
 17. Minimum Clock to Output Times
 18. Setup Transfers
 19. Hold Transfers
 20. Report TCCS
 21. Report RSKM
 22. Unconstrained Paths
 23. TimeQuest Timing Analyzer Messages



----------------
; Legal Notice ;
----------------
Copyright (C) 1991-2014 Altera Corporation. All rights reserved.
Your use of Altera Corporation's design tools, logic functions 
and other software and tools, and its AMPP partner logic 
functions, and any output files from any of the foregoing 
(including device programming or simulation files), and any 
associated documentation or information are expressly subject 
to the terms and conditions of the Altera Program License 
Subscription Agreement, the Altera Quartus II License Agreement,
the Altera MegaCore Function License Agreement, or other 
applicable license agreement, including, without limitation, 
that your use is for the sole purpose of programming logic 
devices manufactured by Altera and sold by Altera or its 
authorized distributors.  Please refer to the applicable 
agreement for further details.



+-------------------------------------------------------------------------+
; TimeQuest Timing Analyzer Summary                                       ;
+--------------------+----------------------------------------------------+
; Quartus II Version ; Version 14.1.0 Build 186 12/03/2014 SJ Web Edition ;
; Revision Name      ; StringRecognizer                                   ;
; Device Family      ; MAX V                                              ;
; Device Name        ; 5M1270ZT144C5                                      ;
; Timing Models      ; Final                                              ;
; Delay Model        ; Slow Model                                         ;
; Rise/Fall Delays   ; Unavailable                                        ;
+--------------------+----------------------------------------------------+


Parallel compilation was disabled, but you have multiple processors available. Enable parallel compilation to reduce compilation time.
+-------------------------------------+
; Parallel Compilation                ;
+----------------------------+--------+
; Processors                 ; Number ;
+----------------------------+--------+
; Number detected on machine ; 4      ;
; Maximum allowed            ; 1      ;
+----------------------------+--------+


+---------------------------------------------------------------------------------------------------------------------------------------------------------------------------------+
; Clocks                                                                                                                                                                          ;
+------------+------+--------+------------+-------+-------+------------+-----------+-------------+-------+--------+-----------+------------+----------+--------+--------+---------+
; Clock Name ; Type ; Period ; Frequency  ; Rise  ; Fall  ; Duty Cycle ; Divide by ; Multiply by ; Phase ; Offset ; Edge List ; Edge Shift ; Inverted ; Master ; Source ; Targets ;
+------------+------+--------+------------+-------+-------+------------+-----------+-------------+-------+--------+-----------+------------+----------+--------+--------+---------+
; clk        ; Base ; 1.000  ; 1000.0 MHz ; 0.000 ; 0.500 ;            ;           ;             ;       ;        ;           ;            ;          ;        ;        ; { clk } ;
+------------+------+--------+------------+-------+-------+------------+-----------+-------------+-------+--------+-----------+------------+----------+--------+--------+---------+


+--------------------------------------------------+
; Fmax Summary                                     ;
+------------+-----------------+------------+------+
; Fmax       ; Restricted Fmax ; Clock Name ; Note ;
+------------+-----------------+------------+------+
; 168.61 MHz ; 168.61 MHz      ; clk        ;      ;
+------------+-----------------+------------+------+
This panel reports FMAX for every clock in the design, regardless of the user-specified clock periods.  FMAX is only computed for paths where the source and destination registers or ports are driven by the same clock.  Paths of different clocks, including generated clocks, are ignored.  For paths between a clock and its inversion, FMAX is computed as if the rising and falling edges are scaled along with FMAX, such that the duty cycle (in terms of a percentage) is maintained. Altera recommends that you always use clock constraints and other slack reports for sign-off analysis.


+--------------------------------+
; Setup Summary                  ;
+-------+--------+---------------+
; Clock ; Slack  ; End Point TNS ;
+-------+--------+---------------+
; clk   ; -4.931 ; -71.634       ;
+-------+--------+---------------+


+-------------------------------+
; Hold Summary                  ;
+-------+-------+---------------+
; Clock ; Slack ; End Point TNS ;
+-------+-------+---------------+
; clk   ; 1.711 ; 0.000         ;
+-------+-------+---------------+


--------------------
; Recovery Summary ;
--------------------
No paths to report.


-------------------
; Removal Summary ;
-------------------
No paths to report.


+--------------------------------+
; Minimum Pulse Width Summary    ;
+-------+--------+---------------+
; Clock ; Slack  ; End Point TNS ;
+-------+--------+---------------+
; clk   ; -2.289 ; -2.289        ;
+-------+--------+---------------+


+----------------------------------------------------------------------------------------------------------------------------------+
; Setup: 'clk'                                                                                                                     ;
+--------+-------------------------+-------------------------+--------------+-------------+--------------+------------+------------+
; Slack  ; From Node               ; To Node                 ; Launch Clock ; Latch Clock ; Relationship ; Clock Skew ; Data Delay ;
+--------+-------------------------+-------------------------+--------------+-------------+--------------+------------+------------+
; -4.931 ; knife_current_state.S4  ; knife_current_state.S4  ; clk          ; clk         ; 1.000        ; 0.000      ; 5.598      ;
; -4.688 ; knife_current_state.S4  ; knife_current_state.S2  ; clk          ; clk         ; 1.000        ; 0.000      ; 5.355      ;
; -4.678 ; terror_current_state.S1 ; terror_current_state.S5 ; clk          ; clk         ; 1.000        ; 0.000      ; 5.345      ;
; -4.671 ; terror_current_state.S1 ; terror_current_state.S1 ; clk          ; clk         ; 1.000        ; 0.000      ; 5.338      ;
; -4.666 ; knife_current_state.S2  ; knife_current_state.S4  ; clk          ; clk         ; 1.000        ; 0.000      ; 5.333      ;
; -4.568 ; terror_current_state.S0 ; terror_current_state.S5 ; clk          ; clk         ; 1.000        ; 0.000      ; 5.235      ;
; -4.561 ; terror_current_state.S0 ; terror_current_state.S1 ; clk          ; clk         ; 1.000        ; 0.000      ; 5.228      ;
; -4.504 ; knife_current_state.S4  ; knife_current_state.S0  ; clk          ; clk         ; 1.000        ; 0.000      ; 5.171      ;
; -4.454 ; knife_current_state.S0  ; knife_current_state.S2  ; clk          ; clk         ; 1.000        ; 0.000      ; 5.121      ;
; -4.425 ; knife_current_state.S0  ; knife_current_state.S4  ; clk          ; clk         ; 1.000        ; 0.000      ; 5.092      ;
; -4.380 ; knife_current_state.S2  ; knife_current_state.S2  ; clk          ; clk         ; 1.000        ; 0.000      ; 5.047      ;
; -4.326 ; knife_current_state.S3  ; knife_current_state.S4  ; clk          ; clk         ; 1.000        ; 0.000      ; 4.993      ;
; -4.281 ; knife_current_state.S4  ; knife_current_state.S3  ; clk          ; clk         ; 1.000        ; 0.000      ; 4.948      ;
; -4.239 ; knife_current_state.S2  ; knife_current_state.S0  ; clk          ; clk         ; 1.000        ; 0.000      ; 4.906      ;
; -4.229 ; knife_current_state.S3  ; knife_current_state.S2  ; clk          ; clk         ; 1.000        ; 0.000      ; 4.896      ;
; -4.201 ; terror_current_state.S1 ; terror_current_state.S2 ; clk          ; clk         ; 1.000        ; 0.000      ; 4.868      ;
; -4.189 ; knife_current_state.S1  ; knife_current_state.S2  ; clk          ; clk         ; 1.000        ; 0.000      ; 4.856      ;
; -4.091 ; terror_current_state.S0 ; terror_current_state.S2 ; clk          ; clk         ; 1.000        ; 0.000      ; 4.758      ;
; -4.071 ; terror_current_state.S4 ; terror_current_state.S5 ; clk          ; clk         ; 1.000        ; 0.000      ; 4.738      ;
; -4.064 ; terror_current_state.S4 ; terror_current_state.S1 ; clk          ; clk         ; 1.000        ; 0.000      ; 4.731      ;
; -4.057 ; knife_current_state.S4  ; W~reg0                  ; clk          ; clk         ; 1.000        ; 0.000      ; 4.724      ;
; -4.047 ; knife_current_state.S0  ; knife_current_state.S3  ; clk          ; clk         ; 1.000        ; 0.000      ; 4.714      ;
; -4.037 ; bomb_current_state.S1   ; bomb_current_state.S2   ; clk          ; clk         ; 1.000        ; 0.000      ; 4.704      ;
; -4.029 ; bomb_current_state.S1   ; bomb_current_state.S3   ; clk          ; clk         ; 1.000        ; 0.000      ; 4.696      ;
; -4.023 ; terror_current_state.S5 ; terror_current_state.S5 ; clk          ; clk         ; 1.000        ; 0.000      ; 4.690      ;
; -4.016 ; terror_current_state.S5 ; terror_current_state.S1 ; clk          ; clk         ; 1.000        ; 0.000      ; 4.683      ;
; -3.998 ; knife_current_state.S0  ; knife_current_state.S0  ; clk          ; clk         ; 1.000        ; 0.000      ; 4.665      ;
; -3.973 ; knife_current_state.S2  ; knife_current_state.S3  ; clk          ; clk         ; 1.000        ; 0.000      ; 4.640      ;
; -3.899 ; knife_current_state.S3  ; knife_current_state.S0  ; clk          ; clk         ; 1.000        ; 0.000      ; 4.566      ;
; -3.855 ; knife_current_state.S4  ; knife_current_state.S1  ; clk          ; clk         ; 1.000        ; 0.000      ; 4.522      ;
; -3.822 ; knife_current_state.S3  ; knife_current_state.S3  ; clk          ; clk         ; 1.000        ; 0.000      ; 4.489      ;
; -3.782 ; knife_current_state.S1  ; knife_current_state.S3  ; clk          ; clk         ; 1.000        ; 0.000      ; 4.449      ;
; -3.750 ; bomb_current_state.S1   ; bomb_current_state.S1   ; clk          ; clk         ; 1.000        ; 0.000      ; 4.417      ;
; -3.656 ; terror_current_state.S3 ; terror_current_state.S5 ; clk          ; clk         ; 1.000        ; 0.000      ; 4.323      ;
; -3.649 ; terror_current_state.S3 ; terror_current_state.S1 ; clk          ; clk         ; 1.000        ; 0.000      ; 4.316      ;
; -3.621 ; knife_current_state.S0  ; knife_current_state.S1  ; clk          ; clk         ; 1.000        ; 0.000      ; 4.288      ;
; -3.594 ; terror_current_state.S4 ; terror_current_state.S2 ; clk          ; clk         ; 1.000        ; 0.000      ; 4.261      ;
; -3.547 ; knife_current_state.S2  ; knife_current_state.S1  ; clk          ; clk         ; 1.000        ; 0.000      ; 4.214      ;
; -3.546 ; terror_current_state.S5 ; terror_current_state.S2 ; clk          ; clk         ; 1.000        ; 0.000      ; 4.213      ;
; -3.521 ; bomb_current_state.S2   ; bomb_current_state.S0   ; clk          ; clk         ; 1.000        ; 0.000      ; 4.188      ;
; -3.475 ; bomb_current_state.S3   ; W~reg0                  ; clk          ; clk         ; 1.000        ; 0.000      ; 4.142      ;
; -3.441 ; gun_current_state.S0    ; gun_current_state.S2    ; clk          ; clk         ; 1.000        ; 0.000      ; 4.108      ;
; -3.431 ; terror_current_state.S5 ; W~reg0                  ; clk          ; clk         ; 1.000        ; 0.000      ; 4.098      ;
; -3.396 ; knife_current_state.S3  ; knife_current_state.S1  ; clk          ; clk         ; 1.000        ; 0.000      ; 4.063      ;
; -3.356 ; knife_current_state.S1  ; knife_current_state.S1  ; clk          ; clk         ; 1.000        ; 0.000      ; 4.023      ;
; -3.331 ; gun_current_state.S2    ; gun_current_state.S2    ; clk          ; clk         ; 1.000        ; 0.000      ; 3.998      ;
; -3.291 ; terror_current_state.S2 ; terror_current_state.S5 ; clk          ; clk         ; 1.000        ; 0.000      ; 3.958      ;
; -3.284 ; terror_current_state.S2 ; terror_current_state.S1 ; clk          ; clk         ; 1.000        ; 0.000      ; 3.951      ;
; -3.228 ; bomb_current_state.S2   ; bomb_current_state.S2   ; clk          ; clk         ; 1.000        ; 0.000      ; 3.895      ;
; -3.220 ; bomb_current_state.S2   ; bomb_current_state.S3   ; clk          ; clk         ; 1.000        ; 0.000      ; 3.887      ;
; -3.179 ; terror_current_state.S3 ; terror_current_state.S2 ; clk          ; clk         ; 1.000        ; 0.000      ; 3.846      ;
; -3.017 ; bomb_current_state.S0   ; bomb_current_state.S2   ; clk          ; clk         ; 1.000        ; 0.000      ; 3.684      ;
; -3.009 ; bomb_current_state.S0   ; bomb_current_state.S3   ; clk          ; clk         ; 1.000        ; 0.000      ; 3.676      ;
; -2.941 ; bomb_current_state.S2   ; bomb_current_state.S1   ; clk          ; clk         ; 1.000        ; 0.000      ; 3.608      ;
; -2.925 ; bomb_current_state.S3   ; bomb_current_state.S2   ; clk          ; clk         ; 1.000        ; 0.000      ; 3.592      ;
; -2.917 ; bomb_current_state.S3   ; bomb_current_state.S3   ; clk          ; clk         ; 1.000        ; 0.000      ; 3.584      ;
; -2.836 ; gun_current_state.S0    ; gun_current_state.S1    ; clk          ; clk         ; 1.000        ; 0.000      ; 3.503      ;
; -2.834 ; gun_current_state.S0    ; gun_current_state.S0    ; clk          ; clk         ; 1.000        ; 0.000      ; 3.501      ;
; -2.814 ; terror_current_state.S2 ; terror_current_state.S2 ; clk          ; clk         ; 1.000        ; 0.000      ; 3.481      ;
; -2.801 ; gun_current_state.S2    ; W~reg0                  ; clk          ; clk         ; 1.000        ; 0.000      ; 3.468      ;
; -2.769 ; terror_current_state.S4 ; terror_current_state.S4 ; clk          ; clk         ; 1.000        ; 0.000      ; 3.436      ;
; -2.756 ; gun_current_state.S1    ; gun_current_state.S2    ; clk          ; clk         ; 1.000        ; 0.000      ; 3.423      ;
; -2.750 ; gun_current_state.S2    ; gun_current_state.S0    ; clk          ; clk         ; 1.000        ; 0.000      ; 3.417      ;
; -2.717 ; gun_current_state.S1    ; gun_current_state.S1    ; clk          ; clk         ; 1.000        ; 0.000      ; 3.384      ;
; -2.715 ; terror_current_state.S3 ; terror_current_state.S4 ; clk          ; clk         ; 1.000        ; 0.000      ; 3.382      ;
; -2.646 ; terror_current_state.S0 ; terror_current_state.S0 ; clk          ; clk         ; 1.000        ; 0.000      ; 3.313      ;
; -2.597 ; terror_current_state.S5 ; terror_current_state.S0 ; clk          ; clk         ; 1.000        ; 0.000      ; 3.264      ;
; -2.551 ; bomb_current_state.S0   ; bomb_current_state.S1   ; clk          ; clk         ; 1.000        ; 0.000      ; 3.218      ;
; -2.459 ; bomb_current_state.S3   ; bomb_current_state.S1   ; clk          ; clk         ; 1.000        ; 0.000      ; 3.126      ;
; -2.286 ; gun_current_state.S2    ; gun_current_state.S1    ; clk          ; clk         ; 1.000        ; 0.000      ; 2.953      ;
; -2.252 ; gun_current_state.S1    ; gun_current_state.S0    ; clk          ; clk         ; 1.000        ; 0.000      ; 2.919      ;
; -2.208 ; bomb_current_state.S1   ; bomb_current_state.S0   ; clk          ; clk         ; 1.000        ; 0.000      ; 2.875      ;
; -1.941 ; bomb_current_state.S0   ; bomb_current_state.S0   ; clk          ; clk         ; 1.000        ; 0.000      ; 2.608      ;
; -1.905 ; terror_current_state.S3 ; terror_current_state.S3 ; clk          ; clk         ; 1.000        ; 0.000      ; 2.572      ;
; -1.265 ; terror_current_state.S2 ; terror_current_state.S3 ; clk          ; clk         ; 1.000        ; 0.000      ; 1.932      ;
+--------+-------------------------+-------------------------+--------------+-------------+--------------+------------+------------+


+---------------------------------------------------------------------------------------------------------------------------------+
; Hold: 'clk'                                                                                                                     ;
+-------+-------------------------+-------------------------+--------------+-------------+--------------+------------+------------+
; Slack ; From Node               ; To Node                 ; Launch Clock ; Latch Clock ; Relationship ; Clock Skew ; Data Delay ;
+-------+-------------------------+-------------------------+--------------+-------------+--------------+------------+------------+
; 1.711 ; terror_current_state.S2 ; terror_current_state.S3 ; clk          ; clk         ; 0.000        ; 0.000      ; 1.932      ;
; 1.935 ; terror_current_state.S5 ; terror_current_state.S5 ; clk          ; clk         ; 0.000        ; 0.000      ; 2.156      ;
; 2.129 ; knife_current_state.S1  ; knife_current_state.S1  ; clk          ; clk         ; 0.000        ; 0.000      ; 2.350      ;
; 2.152 ; bomb_current_state.S2   ; bomb_current_state.S2   ; clk          ; clk         ; 0.000        ; 0.000      ; 2.373      ;
; 2.163 ; bomb_current_state.S1   ; bomb_current_state.S1   ; clk          ; clk         ; 0.000        ; 0.000      ; 2.384      ;
; 2.178 ; terror_current_state.S2 ; terror_current_state.S2 ; clk          ; clk         ; 0.000        ; 0.000      ; 2.399      ;
; 2.239 ; terror_current_state.S1 ; terror_current_state.S1 ; clk          ; clk         ; 0.000        ; 0.000      ; 2.460      ;
; 2.259 ; gun_current_state.S0    ; gun_current_state.S0    ; clk          ; clk         ; 0.000        ; 0.000      ; 2.480      ;
; 2.261 ; gun_current_state.S1    ; gun_current_state.S1    ; clk          ; clk         ; 0.000        ; 0.000      ; 2.482      ;
; 2.265 ; knife_current_state.S3  ; knife_current_state.S3  ; clk          ; clk         ; 0.000        ; 0.000      ; 2.486      ;
; 2.272 ; bomb_current_state.S3   ; bomb_current_state.S3   ; clk          ; clk         ; 0.000        ; 0.000      ; 2.493      ;
; 2.283 ; knife_current_state.S0  ; knife_current_state.S0  ; clk          ; clk         ; 0.000        ; 0.000      ; 2.504      ;
; 2.323 ; gun_current_state.S2    ; gun_current_state.S2    ; clk          ; clk         ; 0.000        ; 0.000      ; 2.544      ;
; 2.340 ; knife_current_state.S2  ; knife_current_state.S2  ; clk          ; clk         ; 0.000        ; 0.000      ; 2.561      ;
; 2.351 ; terror_current_state.S3 ; terror_current_state.S3 ; clk          ; clk         ; 0.000        ; 0.000      ; 2.572      ;
; 2.387 ; bomb_current_state.S0   ; bomb_current_state.S0   ; clk          ; clk         ; 0.000        ; 0.000      ; 2.608      ;
; 2.654 ; bomb_current_state.S1   ; bomb_current_state.S0   ; clk          ; clk         ; 0.000        ; 0.000      ; 2.875      ;
; 2.698 ; gun_current_state.S1    ; gun_current_state.S0    ; clk          ; clk         ; 0.000        ; 0.000      ; 2.919      ;
; 2.732 ; gun_current_state.S2    ; gun_current_state.S1    ; clk          ; clk         ; 0.000        ; 0.000      ; 2.953      ;
; 2.899 ; bomb_current_state.S1   ; bomb_current_state.S2   ; clk          ; clk         ; 0.000        ; 0.000      ; 3.120      ;
; 2.905 ; bomb_current_state.S3   ; bomb_current_state.S1   ; clk          ; clk         ; 0.000        ; 0.000      ; 3.126      ;
; 2.906 ; bomb_current_state.S2   ; bomb_current_state.S3   ; clk          ; clk         ; 0.000        ; 0.000      ; 3.127      ;
; 2.997 ; bomb_current_state.S0   ; bomb_current_state.S1   ; clk          ; clk         ; 0.000        ; 0.000      ; 3.218      ;
; 3.043 ; terror_current_state.S5 ; terror_current_state.S0 ; clk          ; clk         ; 0.000        ; 0.000      ; 3.264      ;
; 3.092 ; terror_current_state.S0 ; terror_current_state.S0 ; clk          ; clk         ; 0.000        ; 0.000      ; 3.313      ;
; 3.161 ; terror_current_state.S3 ; terror_current_state.S4 ; clk          ; clk         ; 0.000        ; 0.000      ; 3.382      ;
; 3.162 ; gun_current_state.S1    ; gun_current_state.S2    ; clk          ; clk         ; 0.000        ; 0.000      ; 3.383      ;
; 3.196 ; gun_current_state.S2    ; gun_current_state.S0    ; clk          ; clk         ; 0.000        ; 0.000      ; 3.417      ;
; 3.208 ; bomb_current_state.S2   ; bomb_current_state.S1   ; clk          ; clk         ; 0.000        ; 0.000      ; 3.429      ;
; 3.215 ; terror_current_state.S4 ; terror_current_state.S4 ; clk          ; clk         ; 0.000        ; 0.000      ; 3.436      ;
; 3.247 ; gun_current_state.S2    ; W~reg0                  ; clk          ; clk         ; 0.000        ; 0.000      ; 3.468      ;
; 3.281 ; knife_current_state.S0  ; knife_current_state.S1  ; clk          ; clk         ; 0.000        ; 0.000      ; 3.502      ;
; 3.282 ; gun_current_state.S0    ; gun_current_state.S1    ; clk          ; clk         ; 0.000        ; 0.000      ; 3.503      ;
; 3.371 ; bomb_current_state.S3   ; bomb_current_state.S2   ; clk          ; clk         ; 0.000        ; 0.000      ; 3.592      ;
; 3.389 ; knife_current_state.S4  ; knife_current_state.S4  ; clk          ; clk         ; 0.000        ; 0.000      ; 3.610      ;
; 3.455 ; bomb_current_state.S0   ; bomb_current_state.S3   ; clk          ; clk         ; 0.000        ; 0.000      ; 3.676      ;
; 3.460 ; terror_current_state.S4 ; terror_current_state.S5 ; clk          ; clk         ; 0.000        ; 0.000      ; 3.681      ;
; 3.463 ; bomb_current_state.S0   ; bomb_current_state.S2   ; clk          ; clk         ; 0.000        ; 0.000      ; 3.684      ;
; 3.489 ; knife_current_state.S1  ; knife_current_state.S2  ; clk          ; clk         ; 0.000        ; 0.000      ; 3.710      ;
; 3.625 ; terror_current_state.S3 ; terror_current_state.S2 ; clk          ; clk         ; 0.000        ; 0.000      ; 3.846      ;
; 3.709 ; terror_current_state.S1 ; terror_current_state.S2 ; clk          ; clk         ; 0.000        ; 0.000      ; 3.930      ;
; 3.727 ; knife_current_state.S2  ; knife_current_state.S3  ; clk          ; clk         ; 0.000        ; 0.000      ; 3.948      ;
; 3.730 ; terror_current_state.S2 ; terror_current_state.S1 ; clk          ; clk         ; 0.000        ; 0.000      ; 3.951      ;
; 3.737 ; terror_current_state.S2 ; terror_current_state.S5 ; clk          ; clk         ; 0.000        ; 0.000      ; 3.958      ;
; 3.842 ; knife_current_state.S3  ; knife_current_state.S1  ; clk          ; clk         ; 0.000        ; 0.000      ; 4.063      ;
; 3.877 ; terror_current_state.S5 ; W~reg0                  ; clk          ; clk         ; 0.000        ; 0.000      ; 4.098      ;
; 3.887 ; gun_current_state.S0    ; gun_current_state.S2    ; clk          ; clk         ; 0.000        ; 0.000      ; 4.108      ;
; 3.921 ; bomb_current_state.S3   ; W~reg0                  ; clk          ; clk         ; 0.000        ; 0.000      ; 4.142      ;
; 3.938 ; terror_current_state.S0 ; terror_current_state.S1 ; clk          ; clk         ; 0.000        ; 0.000      ; 4.159      ;
; 3.967 ; bomb_current_state.S2   ; bomb_current_state.S0   ; clk          ; clk         ; 0.000        ; 0.000      ; 4.188      ;
; 3.992 ; terror_current_state.S5 ; terror_current_state.S2 ; clk          ; clk         ; 0.000        ; 0.000      ; 4.213      ;
; 3.993 ; knife_current_state.S2  ; knife_current_state.S1  ; clk          ; clk         ; 0.000        ; 0.000      ; 4.214      ;
; 4.004 ; knife_current_state.S3  ; knife_current_state.S4  ; clk          ; clk         ; 0.000        ; 0.000      ; 4.225      ;
; 4.040 ; terror_current_state.S4 ; terror_current_state.S2 ; clk          ; clk         ; 0.000        ; 0.000      ; 4.261      ;
; 4.095 ; terror_current_state.S3 ; terror_current_state.S1 ; clk          ; clk         ; 0.000        ; 0.000      ; 4.316      ;
; 4.102 ; terror_current_state.S3 ; terror_current_state.S5 ; clk          ; clk         ; 0.000        ; 0.000      ; 4.323      ;
; 4.153 ; knife_current_state.S4  ; knife_current_state.S0  ; clk          ; clk         ; 0.000        ; 0.000      ; 4.374      ;
; 4.228 ; knife_current_state.S1  ; knife_current_state.S3  ; clk          ; clk         ; 0.000        ; 0.000      ; 4.449      ;
; 4.260 ; knife_current_state.S3  ; knife_current_state.S0  ; clk          ; clk         ; 0.000        ; 0.000      ; 4.481      ;
; 4.301 ; knife_current_state.S4  ; knife_current_state.S1  ; clk          ; clk         ; 0.000        ; 0.000      ; 4.522      ;
; 4.462 ; terror_current_state.S5 ; terror_current_state.S1 ; clk          ; clk         ; 0.000        ; 0.000      ; 4.683      ;
; 4.475 ; bomb_current_state.S1   ; bomb_current_state.S3   ; clk          ; clk         ; 0.000        ; 0.000      ; 4.696      ;
; 4.493 ; knife_current_state.S0  ; knife_current_state.S3  ; clk          ; clk         ; 0.000        ; 0.000      ; 4.714      ;
; 4.497 ; knife_current_state.S2  ; knife_current_state.S0  ; clk          ; clk         ; 0.000        ; 0.000      ; 4.718      ;
; 4.503 ; knife_current_state.S4  ; W~reg0                  ; clk          ; clk         ; 0.000        ; 0.000      ; 4.724      ;
; 4.510 ; terror_current_state.S4 ; terror_current_state.S1 ; clk          ; clk         ; 0.000        ; 0.000      ; 4.731      ;
; 4.537 ; terror_current_state.S0 ; terror_current_state.S2 ; clk          ; clk         ; 0.000        ; 0.000      ; 4.758      ;
; 4.614 ; knife_current_state.S0  ; knife_current_state.S4  ; clk          ; clk         ; 0.000        ; 0.000      ; 4.835      ;
; 4.675 ; knife_current_state.S3  ; knife_current_state.S2  ; clk          ; clk         ; 0.000        ; 0.000      ; 4.896      ;
; 4.727 ; knife_current_state.S4  ; knife_current_state.S3  ; clk          ; clk         ; 0.000        ; 0.000      ; 4.948      ;
; 4.900 ; knife_current_state.S0  ; knife_current_state.S2  ; clk          ; clk         ; 0.000        ; 0.000      ; 5.121      ;
; 4.924 ; knife_current_state.S2  ; knife_current_state.S4  ; clk          ; clk         ; 0.000        ; 0.000      ; 5.145      ;
; 5.014 ; terror_current_state.S0 ; terror_current_state.S5 ; clk          ; clk         ; 0.000        ; 0.000      ; 5.235      ;
; 5.124 ; terror_current_state.S1 ; terror_current_state.S5 ; clk          ; clk         ; 0.000        ; 0.000      ; 5.345      ;
; 5.134 ; knife_current_state.S4  ; knife_current_state.S2  ; clk          ; clk         ; 0.000        ; 0.000      ; 5.355      ;
+-------+-------------------------+-------------------------+--------------+-------------+--------------+------------+------------+


+--------------------------------------------------------------------------------------------------------------+
; Minimum Pulse Width: 'clk'                                                                                   ;
+--------+--------------+----------------+------------------+-------+------------+-----------------------------+
; Slack  ; Actual Width ; Required Width ; Type             ; Clock ; Clock Edge ; Target                      ;
+--------+--------------+----------------+------------------+-------+------------+-----------------------------+
; -2.289 ; 1.000        ; 3.289          ; Port Rate        ; clk   ; Rise       ; clk                         ;
; 0.234  ; 0.500        ; 0.266          ; High Pulse Width ; clk   ; Rise       ; W~reg0                      ;
; 0.234  ; 0.500        ; 0.266          ; Low Pulse Width  ; clk   ; Rise       ; W~reg0                      ;
; 0.234  ; 0.500        ; 0.266          ; High Pulse Width ; clk   ; Rise       ; bomb_current_state.S0       ;
; 0.234  ; 0.500        ; 0.266          ; Low Pulse Width  ; clk   ; Rise       ; bomb_current_state.S0       ;
; 0.234  ; 0.500        ; 0.266          ; High Pulse Width ; clk   ; Rise       ; bomb_current_state.S1       ;
; 0.234  ; 0.500        ; 0.266          ; Low Pulse Width  ; clk   ; Rise       ; bomb_current_state.S1       ;
; 0.234  ; 0.500        ; 0.266          ; High Pulse Width ; clk   ; Rise       ; bomb_current_state.S2       ;
; 0.234  ; 0.500        ; 0.266          ; Low Pulse Width  ; clk   ; Rise       ; bomb_current_state.S2       ;
; 0.234  ; 0.500        ; 0.266          ; High Pulse Width ; clk   ; Rise       ; bomb_current_state.S3       ;
; 0.234  ; 0.500        ; 0.266          ; Low Pulse Width  ; clk   ; Rise       ; bomb_current_state.S3       ;
; 0.234  ; 0.500        ; 0.266          ; High Pulse Width ; clk   ; Rise       ; gun_current_state.S0        ;
; 0.234  ; 0.500        ; 0.266          ; Low Pulse Width  ; clk   ; Rise       ; gun_current_state.S0        ;
; 0.234  ; 0.500        ; 0.266          ; High Pulse Width ; clk   ; Rise       ; gun_current_state.S1        ;
; 0.234  ; 0.500        ; 0.266          ; Low Pulse Width  ; clk   ; Rise       ; gun_current_state.S1        ;
; 0.234  ; 0.500        ; 0.266          ; High Pulse Width ; clk   ; Rise       ; gun_current_state.S2        ;
; 0.234  ; 0.500        ; 0.266          ; Low Pulse Width  ; clk   ; Rise       ; gun_current_state.S2        ;
; 0.234  ; 0.500        ; 0.266          ; High Pulse Width ; clk   ; Rise       ; knife_current_state.S0      ;
; 0.234  ; 0.500        ; 0.266          ; Low Pulse Width  ; clk   ; Rise       ; knife_current_state.S0      ;
; 0.234  ; 0.500        ; 0.266          ; High Pulse Width ; clk   ; Rise       ; knife_current_state.S1      ;
; 0.234  ; 0.500        ; 0.266          ; Low Pulse Width  ; clk   ; Rise       ; knife_current_state.S1      ;
; 0.234  ; 0.500        ; 0.266          ; High Pulse Width ; clk   ; Rise       ; knife_current_state.S2      ;
; 0.234  ; 0.500        ; 0.266          ; Low Pulse Width  ; clk   ; Rise       ; knife_current_state.S2      ;
; 0.234  ; 0.500        ; 0.266          ; High Pulse Width ; clk   ; Rise       ; knife_current_state.S3      ;
; 0.234  ; 0.500        ; 0.266          ; Low Pulse Width  ; clk   ; Rise       ; knife_current_state.S3      ;
; 0.234  ; 0.500        ; 0.266          ; High Pulse Width ; clk   ; Rise       ; knife_current_state.S4      ;
; 0.234  ; 0.500        ; 0.266          ; Low Pulse Width  ; clk   ; Rise       ; knife_current_state.S4      ;
; 0.234  ; 0.500        ; 0.266          ; High Pulse Width ; clk   ; Rise       ; terror_current_state.S0     ;
; 0.234  ; 0.500        ; 0.266          ; Low Pulse Width  ; clk   ; Rise       ; terror_current_state.S0     ;
; 0.234  ; 0.500        ; 0.266          ; High Pulse Width ; clk   ; Rise       ; terror_current_state.S1     ;
; 0.234  ; 0.500        ; 0.266          ; Low Pulse Width  ; clk   ; Rise       ; terror_current_state.S1     ;
; 0.234  ; 0.500        ; 0.266          ; High Pulse Width ; clk   ; Rise       ; terror_current_state.S2     ;
; 0.234  ; 0.500        ; 0.266          ; Low Pulse Width  ; clk   ; Rise       ; terror_current_state.S2     ;
; 0.234  ; 0.500        ; 0.266          ; High Pulse Width ; clk   ; Rise       ; terror_current_state.S3     ;
; 0.234  ; 0.500        ; 0.266          ; Low Pulse Width  ; clk   ; Rise       ; terror_current_state.S3     ;
; 0.234  ; 0.500        ; 0.266          ; High Pulse Width ; clk   ; Rise       ; terror_current_state.S4     ;
; 0.234  ; 0.500        ; 0.266          ; Low Pulse Width  ; clk   ; Rise       ; terror_current_state.S4     ;
; 0.234  ; 0.500        ; 0.266          ; High Pulse Width ; clk   ; Rise       ; terror_current_state.S5     ;
; 0.234  ; 0.500        ; 0.266          ; Low Pulse Width  ; clk   ; Rise       ; terror_current_state.S5     ;
; 0.500  ; 0.500        ; 0.000          ; High Pulse Width ; clk   ; Rise       ; W~reg0|clk                  ;
; 0.500  ; 0.500        ; 0.000          ; Low Pulse Width  ; clk   ; Rise       ; W~reg0|clk                  ;
; 0.500  ; 0.500        ; 0.000          ; High Pulse Width ; clk   ; Rise       ; bomb_current_state.S0|clk   ;
; 0.500  ; 0.500        ; 0.000          ; Low Pulse Width  ; clk   ; Rise       ; bomb_current_state.S0|clk   ;
; 0.500  ; 0.500        ; 0.000          ; High Pulse Width ; clk   ; Rise       ; bomb_current_state.S1|clk   ;
; 0.500  ; 0.500        ; 0.000          ; Low Pulse Width  ; clk   ; Rise       ; bomb_current_state.S1|clk   ;
; 0.500  ; 0.500        ; 0.000          ; High Pulse Width ; clk   ; Rise       ; bomb_current_state.S2|clk   ;
; 0.500  ; 0.500        ; 0.000          ; Low Pulse Width  ; clk   ; Rise       ; bomb_current_state.S2|clk   ;
; 0.500  ; 0.500        ; 0.000          ; High Pulse Width ; clk   ; Rise       ; bomb_current_state.S3|clk   ;
; 0.500  ; 0.500        ; 0.000          ; Low Pulse Width  ; clk   ; Rise       ; bomb_current_state.S3|clk   ;
; 0.500  ; 0.500        ; 0.000          ; High Pulse Width ; clk   ; Rise       ; clk|combout                 ;
; 0.500  ; 0.500        ; 0.000          ; Low Pulse Width  ; clk   ; Rise       ; clk|combout                 ;
; 0.500  ; 0.500        ; 0.000          ; High Pulse Width ; clk   ; Rise       ; gun_current_state.S0|clk    ;
; 0.500  ; 0.500        ; 0.000          ; Low Pulse Width  ; clk   ; Rise       ; gun_current_state.S0|clk    ;
; 0.500  ; 0.500        ; 0.000          ; High Pulse Width ; clk   ; Rise       ; gun_current_state.S1|clk    ;
; 0.500  ; 0.500        ; 0.000          ; Low Pulse Width  ; clk   ; Rise       ; gun_current_state.S1|clk    ;
; 0.500  ; 0.500        ; 0.000          ; High Pulse Width ; clk   ; Rise       ; gun_current_state.S2|clk    ;
; 0.500  ; 0.500        ; 0.000          ; Low Pulse Width  ; clk   ; Rise       ; gun_current_state.S2|clk    ;
; 0.500  ; 0.500        ; 0.000          ; High Pulse Width ; clk   ; Rise       ; knife_current_state.S0|clk  ;
; 0.500  ; 0.500        ; 0.000          ; Low Pulse Width  ; clk   ; Rise       ; knife_current_state.S0|clk  ;
; 0.500  ; 0.500        ; 0.000          ; High Pulse Width ; clk   ; Rise       ; knife_current_state.S1|clk  ;
; 0.500  ; 0.500        ; 0.000          ; Low Pulse Width  ; clk   ; Rise       ; knife_current_state.S1|clk  ;
; 0.500  ; 0.500        ; 0.000          ; High Pulse Width ; clk   ; Rise       ; knife_current_state.S2|clk  ;
; 0.500  ; 0.500        ; 0.000          ; Low Pulse Width  ; clk   ; Rise       ; knife_current_state.S2|clk  ;
; 0.500  ; 0.500        ; 0.000          ; High Pulse Width ; clk   ; Rise       ; knife_current_state.S3|clk  ;
; 0.500  ; 0.500        ; 0.000          ; Low Pulse Width  ; clk   ; Rise       ; knife_current_state.S3|clk  ;
; 0.500  ; 0.500        ; 0.000          ; High Pulse Width ; clk   ; Rise       ; knife_current_state.S4|clk  ;
; 0.500  ; 0.500        ; 0.000          ; Low Pulse Width  ; clk   ; Rise       ; knife_current_state.S4|clk  ;
; 0.500  ; 0.500        ; 0.000          ; High Pulse Width ; clk   ; Rise       ; terror_current_state.S0|clk ;
; 0.500  ; 0.500        ; 0.000          ; Low Pulse Width  ; clk   ; Rise       ; terror_current_state.S0|clk ;
; 0.500  ; 0.500        ; 0.000          ; High Pulse Width ; clk   ; Rise       ; terror_current_state.S1|clk ;
; 0.500  ; 0.500        ; 0.000          ; Low Pulse Width  ; clk   ; Rise       ; terror_current_state.S1|clk ;
; 0.500  ; 0.500        ; 0.000          ; High Pulse Width ; clk   ; Rise       ; terror_current_state.S2|clk ;
; 0.500  ; 0.500        ; 0.000          ; Low Pulse Width  ; clk   ; Rise       ; terror_current_state.S2|clk ;
; 0.500  ; 0.500        ; 0.000          ; High Pulse Width ; clk   ; Rise       ; terror_current_state.S3|clk ;
; 0.500  ; 0.500        ; 0.000          ; Low Pulse Width  ; clk   ; Rise       ; terror_current_state.S3|clk ;
; 0.500  ; 0.500        ; 0.000          ; High Pulse Width ; clk   ; Rise       ; terror_current_state.S4|clk ;
; 0.500  ; 0.500        ; 0.000          ; Low Pulse Width  ; clk   ; Rise       ; terror_current_state.S4|clk ;
; 0.500  ; 0.500        ; 0.000          ; High Pulse Width ; clk   ; Rise       ; terror_current_state.S5|clk ;
; 0.500  ; 0.500        ; 0.000          ; Low Pulse Width  ; clk   ; Rise       ; terror_current_state.S5|clk ;
+--------+--------------+----------------+------------------+-------+------------+-----------------------------+


+-----------------------------------------------------------------------+
; Setup Times                                                           ;
+-----------+------------+-------+-------+------------+-----------------+
; Data Port ; Clock Port ; Rise  ; Fall  ; Clock Edge ; Clock Reference ;
+-----------+------------+-------+-------+------------+-----------------+
; X0        ; clk        ; 7.705 ; 7.705 ; Rise       ; clk             ;
; X1        ; clk        ; 6.562 ; 6.562 ; Rise       ; clk             ;
; X2        ; clk        ; 6.969 ; 6.969 ; Rise       ; clk             ;
; X3        ; clk        ; 7.671 ; 7.671 ; Rise       ; clk             ;
; X4        ; clk        ; 7.351 ; 7.351 ; Rise       ; clk             ;
; reset     ; clk        ; 5.524 ; 5.524 ; Rise       ; clk             ;
+-----------+------------+-------+-------+------------+-----------------+


+-------------------------------------------------------------------------+
; Hold Times                                                              ;
+-----------+------------+--------+--------+------------+-----------------+
; Data Port ; Clock Port ; Rise   ; Fall   ; Clock Edge ; Clock Reference ;
+-----------+------------+--------+--------+------------+-----------------+
; X0        ; clk        ; -1.844 ; -1.844 ; Rise       ; clk             ;
; X1        ; clk        ; -1.670 ; -1.670 ; Rise       ; clk             ;
; X2        ; clk        ; -1.944 ; -1.944 ; Rise       ; clk             ;
; X3        ; clk        ; -1.778 ; -1.778 ; Rise       ; clk             ;
; X4        ; clk        ; -1.740 ; -1.740 ; Rise       ; clk             ;
; reset     ; clk        ; -1.351 ; -1.351 ; Rise       ; clk             ;
+-----------+------------+--------+--------+------------+-----------------+


+-----------------------------------------------------------------------+
; Clock to Output Times                                                 ;
+-----------+------------+-------+-------+------------+-----------------+
; Data Port ; Clock Port ; Rise  ; Fall  ; Clock Edge ; Clock Reference ;
+-----------+------------+-------+-------+------------+-----------------+
; W         ; clk        ; 7.917 ; 7.917 ; Rise       ; clk             ;
+-----------+------------+-------+-------+------------+-----------------+


+-----------------------------------------------------------------------+
; Minimum Clock to Output Times                                         ;
+-----------+------------+-------+-------+------------+-----------------+
; Data Port ; Clock Port ; Rise  ; Fall  ; Clock Edge ; Clock Reference ;
+-----------+------------+-------+-------+------------+-----------------+
; W         ; clk        ; 7.917 ; 7.917 ; Rise       ; clk             ;
+-----------+------------+-------+-------+------------+-----------------+


+-------------------------------------------------------------------+
; Setup Transfers                                                   ;
+------------+----------+----------+----------+----------+----------+
; From Clock ; To Clock ; RR Paths ; FR Paths ; RF Paths ; FF Paths ;
+------------+----------+----------+----------+----------+----------+
; clk        ; clk      ; 112      ; 0        ; 0        ; 0        ;
+------------+----------+----------+----------+----------+----------+
Entries labeled "false path" only account for clock-to-clock false paths and not path-based false paths. As a result, actual path counts may be lower than reported.


+-------------------------------------------------------------------+
; Hold Transfers                                                    ;
+------------+----------+----------+----------+----------+----------+
; From Clock ; To Clock ; RR Paths ; FR Paths ; RF Paths ; FF Paths ;
+------------+----------+----------+----------+----------+----------+
; clk        ; clk      ; 112      ; 0        ; 0        ; 0        ;
+------------+----------+----------+----------+----------+----------+
Entries labeled "false path" only account for clock-to-clock false paths and not path-based false paths. As a result, actual path counts may be lower than reported.


---------------
; Report TCCS ;
---------------
No dedicated SERDES Transmitter circuitry present in device or used in design


---------------
; Report RSKM ;
---------------
No non-DPA dedicated SERDES Receiver circuitry present in device or used in design


+------------------------------------------------+
; Unconstrained Paths                            ;
+---------------------------------+-------+------+
; Property                        ; Setup ; Hold ;
+---------------------------------+-------+------+
; Illegal Clocks                  ; 0     ; 0    ;
; Unconstrained Clocks            ; 0     ; 0    ;
; Unconstrained Input Ports       ; 6     ; 6    ;
; Unconstrained Input Port Paths  ; 114   ; 114  ;
; Unconstrained Output Ports      ; 1     ; 1    ;
; Unconstrained Output Port Paths ; 1     ; 1    ;
+---------------------------------+-------+------+


+------------------------------------+
; TimeQuest Timing Analyzer Messages ;
+------------------------------------+
Info: *******************************************************************
Info: Running Quartus II 64-Bit TimeQuest Timing Analyzer
    Info: Version 14.1.0 Build 186 12/03/2014 SJ Web Edition
    Info: Processing started: Fri Mar 11 00:03:57 2016
Info: Command: quartus_sta StringRecognizer -c StringRecognizer
Info: qsta_default_script.tcl version: #3
Warning (20028): Parallel compilation is not licensed and has been disabled
Info (21077): Low junction temperature is 0 degrees C
Info (21077): High junction temperature is 85 degrees C
Info (306004): Started post-fitting delay annotation
Info (306005): Delay annotation completed successfully
Critical Warning (332012): Synopsys Design Constraints File file not found: 'StringRecognizer.sdc'. A Synopsys Design Constraints File is required by the TimeQuest Timing Analyzer to get proper timing constraints. Without it, the Compiler will not properly optimize the design.
Info (332142): No user constrained base clocks found in the design. Calling "derive_clocks -period 1.0"
Info (332105): Deriving Clocks
    Info (332105): create_clock -period 1.000 -name clk clk
Info: Found TIMEQUEST_REPORT_SCRIPT_INCLUDE_DEFAULT_ANALYSIS = ON
Info: Can't run Report Timing Closure Recommendations. The current device family is not supported.
Critical Warning (332148): Timing requirements not met
Info (332146): Worst-case setup slack is -4.931
    Info (332119):     Slack       End Point TNS Clock 
    Info (332119): ========= =================== =====================
    Info (332119):    -4.931             -71.634 clk 
Info (332146): Worst-case hold slack is 1.711
    Info (332119):     Slack       End Point TNS Clock 
    Info (332119): ========= =================== =====================
    Info (332119):     1.711               0.000 clk 
Info (332140): No Recovery paths to report
Info (332140): No Removal paths to report
Info (332146): Worst-case minimum pulse width slack is -2.289
    Info (332119):     Slack       End Point TNS Clock 
    Info (332119): ========= =================== =====================
    Info (332119):    -2.289              -2.289 clk 
Info (332001): The selected device family is not supported by the report_metastability command.
Info (332102): Design is not fully constrained for setup requirements
Info (332102): Design is not fully constrained for hold requirements
Info: Quartus II 64-Bit TimeQuest Timing Analyzer was successful. 0 errors, 3 warnings
    Info: Peak virtual memory: 698 megabytes
    Info: Processing ended: Fri Mar 11 00:03:58 2016
    Info: Elapsed time: 00:00:01
    Info: Total CPU time (on all processors): 00:00:01


